<object-stream>
<org.drools.audit.event.ActivationLogEvent>
  <type>4</type>
  <activationId>GoodBye [1]</activationId>
  <rule>GoodBye</rule>
  <declarations>myTurn=1(1)</declarations>
</org.drools.audit.event.ActivationLogEvent>
<org.drools.audit.event.ObjectLogEvent>
  <type>1</type>
  <factId>1</factId>
  <objectToString>com.poker.PokerController$Game@41294f8</objectToString>
</org.drools.audit.event.ObjectLogEvent>
<org.drools.audit.event.ActivationLogEvent>
  <type>6</type>
  <activationId>GoodBye [1]</activationId>
  <rule>GoodBye</rule>
  <declarations>myTurn=1(1)</declarations>
</org.drools.audit.event.ActivationLogEvent>
<org.drools.audit.event.ActivationLogEvent>
  <type>7</type>
  <activationId>GoodBye [1]</activationId>
  <rule>GoodBye</rule>
  <declarations>myTurn=1(1)</declarations>
</org.drools.audit.event.ActivationLogEvent>
</object-stream>